// Jest Snapshot v1, https://goo.gl/fbAQLP

exports[`Related Content Snapshot test 1`] = `
{
  "asFragment": [Function],
  "baseElement": <body>
    <div>
      <div
        class="d-flex flex-column my-4 container"
        data-testid="related-content-container"
        id="related-content-main"
      >
        <div
          class="d-flex flex-row gap-4 align-items-center container"
        >
          <h1
            class="text-primary my-4 fs-1"
            data-testid="related-content-title"
          >
            relatedTopics.heading
          </h1>
          <a
            class="text-secondary"
            href="/topics"
          >
            relatedTopics.viewAll
          </a>
        </div>
        <div
          class="slick-slider slick-initialized"
          dir="ltr"
        >
          <div
            class="slick-list"
          >
            <div
              class="slick-track"
              style="opacity: 1; transform: translate3d(0px, 0px, 0px);"
            >
              <div
                aria-hidden="true"
                class="slick-slide slick-cloned"
                data-index="-3"
                style="width: 0px;"
                tabindex="-1"
              >
                <div>
                  <a
                    class="d-flex flex-column align-items-center text-decoration-none p-1"
                    href="/link4"
                    style="width: 100%; display: inline-block;"
                    tabindex="-1"
                  >
                    <div
                      class="related-topic-card card"
                    >
                      <div
                        class="m-0 p-0 card-body"
                      >
                        <img
                          alt="gh thumbnail"
                          class="w-100 bg-secondary"
                          src="/link4"
                          style="height: 220px;"
                        />
                      </div>
                      <div
                        class="m-2 p-1 card-body"
                      >
                        <p>
                          gh
                        </p>
                      </div>
                    </div>
                  </a>
                </div>
              </div>
              <div
                aria-hidden="true"
                class="slick-slide slick-cloned"
                data-index="-2"
                style="width: 0px;"
                tabindex="-1"
              >
                <div>
                  <a
                    class="d-flex flex-column align-items-center text-decoration-none p-1"
                    href="/link5"
                    style="width: 100%; display: inline-block;"
                    tabindex="-1"
                  >
                    <div
                      class="related-topic-card card"
                    >
                      <div
                        class="m-0 p-0 card-body"
                      >
                        <img
                          alt="ij thumbnail"
                          class="w-100 bg-secondary"
                          src="/link5"
                          style="height: 220px;"
                        />
                      </div>
                      <div
                        class="m-2 p-1 card-body"
                      >
                        <p>
                          ij
                        </p>
                      </div>
                    </div>
                  </a>
                </div>
              </div>
              <div
                aria-hidden="true"
                class="slick-slide slick-cloned"
                data-index="-1"
                style="width: 0px;"
                tabindex="-1"
              >
                <div>
                  <a
                    class="d-flex flex-column align-items-center text-decoration-none p-1"
                    href="/link6"
                    style="width: 100%; display: inline-block;"
                    tabindex="-1"
                  >
                    <div
                      class="related-topic-card card"
                    >
                      <div
                        class="m-0 p-0 card-body"
                      >
                        <img
                          alt="kl thumbnail"
                          class="w-100 bg-secondary"
                          src="/link6"
                          style="height: 220px;"
                        />
                      </div>
                      <div
                        class="m-2 p-1 card-body"
                      >
                        <p>
                          kl
                        </p>
                      </div>
                    </div>
                  </a>
                </div>
              </div>
              <div
                aria-hidden="false"
                class="slick-slide slick-active slick-current"
                data-index="0"
                style="outline: none; width: 0px;"
                tabindex="-1"
              >
                <div>
                  <a
                    class="d-flex flex-column align-items-center text-decoration-none p-1"
                    href="/link1"
                    style="width: 100%; display: inline-block;"
                    tabindex="-1"
                  >
                    <div
                      class="related-topic-card card"
                    >
                      <div
                        class="m-0 p-0 card-body"
                      >
                        <img
                          alt="ab thumbnail"
                          class="w-100 bg-secondary"
                          src="/link1"
                          style="height: 220px;"
                        />
                      </div>
                      <div
                        class="m-2 p-1 card-body"
                      >
                        <p>
                          ab
                        </p>
                      </div>
                    </div>
                  </a>
                </div>
              </div>
              <div
                aria-hidden="false"
                class="slick-slide slick-active"
                data-index="1"
                style="outline: none; width: 0px;"
                tabindex="-1"
              >
                <div>
                  <a
                    class="d-flex flex-column align-items-center text-decoration-none p-1"
                    href="/link2"
                    style="width: 100%; display: inline-block;"
                    tabindex="-1"
                  >
                    <div
                      class="related-topic-card card"
                    >
                      <div
                        class="m-0 p-0 card-body"
                      >
                        <img
                          alt="cd thumbnail"
                          class="w-100 bg-secondary"
                          src="/link2"
                          style="height: 220px;"
                        />
                      </div>
                      <div
                        class="m-2 p-1 card-body"
                      >
                        <p>
                          cd
                        </p>
                      </div>
                    </div>
                  </a>
                </div>
              </div>
              <div
                aria-hidden="false"
                class="slick-slide slick-active"
                data-index="2"
                style="outline: none; width: 0px;"
                tabindex="-1"
              >
                <div>
                  <a
                    class="d-flex flex-column align-items-center text-decoration-none p-1"
                    href="/link3"
                    style="width: 100%; display: inline-block;"
                    tabindex="-1"
                  >
                    <div
                      class="related-topic-card card"
                    >
                      <div
                        class="m-0 p-0 card-body"
                      >
                        <img
                          alt="ef thumbnail"
                          class="w-100 bg-secondary"
                          src="/link3"
                          style="height: 220px;"
                        />
                      </div>
                      <div
                        class="m-2 p-1 card-body"
                      >
                        <p>
                          ef
                        </p>
                      </div>
                    </div>
                  </a>
                </div>
              </div>
              <div
                aria-hidden="true"
                class="slick-slide"
                data-index="3"
                style="outline: none; width: 0px;"
                tabindex="-1"
              >
                <div>
                  <a
                    class="d-flex flex-column align-items-center text-decoration-none p-1"
                    href="/link4"
                    style="width: 100%; display: inline-block;"
                    tabindex="-1"
                  >
                    <div
                      class="related-topic-card card"
                    >
                      <div
                        class="m-0 p-0 card-body"
                      >
                        <img
                          alt="gh thumbnail"
                          class="w-100 bg-secondary"
                          src="/link4"
                          style="height: 220px;"
                        />
                      </div>
                      <div
                        class="m-2 p-1 card-body"
                      >
                        <p>
                          gh
                        </p>
                      </div>
                    </div>
                  </a>
                </div>
              </div>
              <div
                aria-hidden="true"
                class="slick-slide"
                data-index="4"
                style="outline: none; width: 0px;"
                tabindex="-1"
              >
                <div>
                  <a
                    class="d-flex flex-column align-items-center text-decoration-none p-1"
                    href="/link5"
                    style="width: 100%; display: inline-block;"
                    tabindex="-1"
                  >
                    <div
                      class="related-topic-card card"
                    >
                      <div
                        class="m-0 p-0 card-body"
                      >
                        <img
                          alt="ij thumbnail"
                          class="w-100 bg-secondary"
                          src="/link5"
                          style="height: 220px;"
                        />
                      </div>
                      <div
                        class="m-2 p-1 card-body"
                      >
                        <p>
                          ij
                        </p>
                      </div>
                    </div>
                  </a>
                </div>
              </div>
              <div
                aria-hidden="true"
                class="slick-slide"
                data-index="5"
                style="outline: none; width: 0px;"
                tabindex="-1"
              >
                <div>
                  <a
                    class="d-flex flex-column align-items-center text-decoration-none p-1"
                    href="/link6"
                    style="width: 100%; display: inline-block;"
                    tabindex="-1"
                  >
                    <div
                      class="related-topic-card card"
                    >
                      <div
                        class="m-0 p-0 card-body"
                      >
                        <img
                          alt="kl thumbnail"
                          class="w-100 bg-secondary"
                          src="/link6"
                          style="height: 220px;"
                        />
                      </div>
                      <div
                        class="m-2 p-1 card-body"
                      >
                        <p>
                          kl
                        </p>
                      </div>
                    </div>
                  </a>
                </div>
              </div>
              <div
                aria-hidden="true"
                class="slick-slide slick-cloned"
                data-index="6"
                style="width: 0px;"
                tabindex="-1"
              >
                <div>
                  <a
                    class="d-flex flex-column align-items-center text-decoration-none p-1"
                    href="/link1"
                    style="width: 100%; display: inline-block;"
                    tabindex="-1"
                  >
                    <div
                      class="related-topic-card card"
                    >
                      <div
                        class="m-0 p-0 card-body"
                      >
                        <img
                          alt="ab thumbnail"
                          class="w-100 bg-secondary"
                          src="/link1"
                          style="height: 220px;"
                        />
                      </div>
                      <div
                        class="m-2 p-1 card-body"
                      >
                        <p>
                          ab
                        </p>
                      </div>
                    </div>
                  </a>
                </div>
              </div>
              <div
                aria-hidden="true"
                class="slick-slide slick-cloned"
                data-index="7"
                style="width: 0px;"
                tabindex="-1"
              >
                <div>
                  <a
                    class="d-flex flex-column align-items-center text-decoration-none p-1"
                    href="/link2"
                    style="width: 100%; display: inline-block;"
                    tabindex="-1"
                  >
                    <div
                      class="related-topic-card card"
                    >
                      <div
                        class="m-0 p-0 card-body"
                      >
                        <img
                          alt="cd thumbnail"
                          class="w-100 bg-secondary"
                          src="/link2"
                          style="height: 220px;"
                        />
                      </div>
                      <div
                        class="m-2 p-1 card-body"
                      >
                        <p>
                          cd
                        </p>
                      </div>
                    </div>
                  </a>
                </div>
              </div>
              <div
                aria-hidden="true"
                class="slick-slide slick-cloned"
                data-index="8"
                style="width: 0px;"
                tabindex="-1"
              >
                <div>
                  <a
                    class="d-flex flex-column align-items-center text-decoration-none p-1"
                    href="/link3"
                    style="width: 100%; display: inline-block;"
                    tabindex="-1"
                  >
                    <div
                      class="related-topic-card card"
                    >
                      <div
                        class="m-0 p-0 card-body"
                      >
                        <img
                          alt="ef thumbnail"
                          class="w-100 bg-secondary"
                          src="/link3"
                          style="height: 220px;"
                        />
                      </div>
                      <div
                        class="m-2 p-1 card-body"
                      >
                        <p>
                          ef
                        </p>
                      </div>
                    </div>
                  </a>
                </div>
              </div>
              <div
                aria-hidden="true"
                class="slick-slide slick-cloned"
                data-index="9"
                style="width: 0px;"
                tabindex="-1"
              >
                <div>
                  <a
                    class="d-flex flex-column align-items-center text-decoration-none p-1"
                    href="/link4"
                    style="width: 100%; display: inline-block;"
                    tabindex="-1"
                  >
                    <div
                      class="related-topic-card card"
                    >
                      <div
                        class="m-0 p-0 card-body"
                      >
                        <img
                          alt="gh thumbnail"
                          class="w-100 bg-secondary"
                          src="/link4"
                          style="height: 220px;"
                        />
                      </div>
                      <div
                        class="m-2 p-1 card-body"
                      >
                        <p>
                          gh
                        </p>
                      </div>
                    </div>
                  </a>
                </div>
              </div>
              <div
                aria-hidden="true"
                class="slick-slide slick-cloned"
                data-index="10"
                style="width: 0px;"
                tabindex="-1"
              >
                <div>
                  <a
                    class="d-flex flex-column align-items-center text-decoration-none p-1"
                    href="/link5"
                    style="width: 100%; display: inline-block;"
                    tabindex="-1"
                  >
                    <div
                      class="related-topic-card card"
                    >
                      <div
                        class="m-0 p-0 card-body"
                      >
                        <img
                          alt="ij thumbnail"
                          class="w-100 bg-secondary"
                          src="/link5"
                          style="height: 220px;"
                        />
                      </div>
                      <div
                        class="m-2 p-1 card-body"
                      >
                        <p>
                          ij
                        </p>
                      </div>
                    </div>
                  </a>
                </div>
              </div>
              <div
                aria-hidden="true"
                class="slick-slide slick-cloned"
                data-index="11"
                style="width: 0px;"
                tabindex="-1"
              >
                <div>
                  <a
                    class="d-flex flex-column align-items-center text-decoration-none p-1"
                    href="/link6"
                    style="width: 100%; display: inline-block;"
                    tabindex="-1"
                  >
                    <div
                      class="related-topic-card card"
                    >
                      <div
                        class="m-0 p-0 card-body"
                      >
                        <img
                          alt="kl thumbnail"
                          class="w-100 bg-secondary"
                          src="/link6"
                          style="height: 220px;"
                        />
                      </div>
                      <div
                        class="m-2 p-1 card-body"
                      >
                        <p>
                          kl
                        </p>
                      </div>
                    </div>
                  </a>
                </div>
              </div>
            </div>
          </div>
        </div>
        <div
          class="related-prev d-xl-none"
        >
          <div
            class="related-prev-icon"
          />
        </div>
        <div
          class="related-next d-xl-none"
        >
          <div
            class="related-next-icon"
          />
        </div>
      </div>
    </div>
  </body>,
  "container": <div>
    <div
      class="d-flex flex-column my-4 container"
      data-testid="related-content-container"
      id="related-content-main"
    >
      <div
        class="d-flex flex-row gap-4 align-items-center container"
      >
        <h1
          class="text-primary my-4 fs-1"
          data-testid="related-content-title"
        >
          relatedTopics.heading
        </h1>
        <a
          class="text-secondary"
          href="/topics"
        >
          relatedTopics.viewAll
        </a>
      </div>
      <div
        class="slick-slider slick-initialized"
        dir="ltr"
      >
        <div
          class="slick-list"
        >
          <div
            class="slick-track"
            style="opacity: 1; transform: translate3d(0px, 0px, 0px);"
          >
            <div
              aria-hidden="true"
              class="slick-slide slick-cloned"
              data-index="-3"
              style="width: 0px;"
              tabindex="-1"
            >
              <div>
                <a
                  class="d-flex flex-column align-items-center text-decoration-none p-1"
                  href="/link4"
                  style="width: 100%; display: inline-block;"
                  tabindex="-1"
                >
                  <div
                    class="related-topic-card card"
                  >
                    <div
                      class="m-0 p-0 card-body"
                    >
                      <img
                        alt="gh thumbnail"
                        class="w-100 bg-secondary"
                        src="/link4"
                        style="height: 220px;"
                      />
                    </div>
                    <div
                      class="m-2 p-1 card-body"
                    >
                      <p>
                        gh
                      </p>
                    </div>
                  </div>
                </a>
              </div>
            </div>
            <div
              aria-hidden="true"
              class="slick-slide slick-cloned"
              data-index="-2"
              style="width: 0px;"
              tabindex="-1"
            >
              <div>
                <a
                  class="d-flex flex-column align-items-center text-decoration-none p-1"
                  href="/link5"
                  style="width: 100%; display: inline-block;"
                  tabindex="-1"
                >
                  <div
                    class="related-topic-card card"
                  >
                    <div
                      class="m-0 p-0 card-body"
                    >
                      <img
                        alt="ij thumbnail"
                        class="w-100 bg-secondary"
                        src="/link5"
                        style="height: 220px;"
                      />
                    </div>
                    <div
                      class="m-2 p-1 card-body"
                    >
                      <p>
                        ij
                      </p>
                    </div>
                  </div>
                </a>
              </div>
            </div>
            <div
              aria-hidden="true"
              class="slick-slide slick-cloned"
              data-index="-1"
              style="width: 0px;"
              tabindex="-1"
            >
              <div>
                <a
                  class="d-flex flex-column align-items-center text-decoration-none p-1"
                  href="/link6"
                  style="width: 100%; display: inline-block;"
                  tabindex="-1"
                >
                  <div
                    class="related-topic-card card"
                  >
                    <div
                      class="m-0 p-0 card-body"
                    >
                      <img
                        alt="kl thumbnail"
                        class="w-100 bg-secondary"
                        src="/link6"
                        style="height: 220px;"
                      />
                    </div>
                    <div
                      class="m-2 p-1 card-body"
                    >
                      <p>
                        kl
                      </p>
                    </div>
                  </div>
                </a>
              </div>
            </div>
            <div
              aria-hidden="false"
              class="slick-slide slick-active slick-current"
              data-index="0"
              style="outline: none; width: 0px;"
              tabindex="-1"
            >
              <div>
                <a
                  class="d-flex flex-column align-items-center text-decoration-none p-1"
                  href="/link1"
                  style="width: 100%; display: inline-block;"
                  tabindex="-1"
                >
                  <div
                    class="related-topic-card card"
                  >
                    <div
                      class="m-0 p-0 card-body"
                    >
                      <img
                        alt="ab thumbnail"
                        class="w-100 bg-secondary"
                        src="/link1"
                        style="height: 220px;"
                      />
                    </div>
                    <div
                      class="m-2 p-1 card-body"
                    >
                      <p>
                        ab
                      </p>
                    </div>
                  </div>
                </a>
              </div>
            </div>
            <div
              aria-hidden="false"
              class="slick-slide slick-active"
              data-index="1"
              style="outline: none; width: 0px;"
              tabindex="-1"
            >
              <div>
                <a
                  class="d-flex flex-column align-items-center text-decoration-none p-1"
                  href="/link2"
                  style="width: 100%; display: inline-block;"
                  tabindex="-1"
                >
                  <div
                    class="related-topic-card card"
                  >
                    <div
                      class="m-0 p-0 card-body"
                    >
                      <img
                        alt="cd thumbnail"
                        class="w-100 bg-secondary"
                        src="/link2"
                        style="height: 220px;"
                      />
                    </div>
                    <div
                      class="m-2 p-1 card-body"
                    >
                      <p>
                        cd
                      </p>
                    </div>
                  </div>
                </a>
              </div>
            </div>
            <div
              aria-hidden="false"
              class="slick-slide slick-active"
              data-index="2"
              style="outline: none; width: 0px;"
              tabindex="-1"
            >
              <div>
                <a
                  class="d-flex flex-column align-items-center text-decoration-none p-1"
                  href="/link3"
                  style="width: 100%; display: inline-block;"
                  tabindex="-1"
                >
                  <div
                    class="related-topic-card card"
                  >
                    <div
                      class="m-0 p-0 card-body"
                    >
                      <img
                        alt="ef thumbnail"
                        class="w-100 bg-secondary"
                        src="/link3"
                        style="height: 220px;"
                      />
                    </div>
                    <div
                      class="m-2 p-1 card-body"
                    >
                      <p>
                        ef
                      </p>
                    </div>
                  </div>
                </a>
              </div>
            </div>
            <div
              aria-hidden="true"
              class="slick-slide"
              data-index="3"
              style="outline: none; width: 0px;"
              tabindex="-1"
            >
              <div>
                <a
                  class="d-flex flex-column align-items-center text-decoration-none p-1"
                  href="/link4"
                  style="width: 100%; display: inline-block;"
                  tabindex="-1"
                >
                  <div
                    class="related-topic-card card"
                  >
                    <div
                      class="m-0 p-0 card-body"
                    >
                      <img
                        alt="gh thumbnail"
                        class="w-100 bg-secondary"
                        src="/link4"
                        style="height: 220px;"
                      />
                    </div>
                    <div
                      class="m-2 p-1 card-body"
                    >
                      <p>
                        gh
                      </p>
                    </div>
                  </div>
                </a>
              </div>
            </div>
            <div
              aria-hidden="true"
              class="slick-slide"
              data-index="4"
              style="outline: none; width: 0px;"
              tabindex="-1"
            >
              <div>
                <a
                  class="d-flex flex-column align-items-center text-decoration-none p-1"
                  href="/link5"
                  style="width: 100%; display: inline-block;"
                  tabindex="-1"
                >
                  <div
                    class="related-topic-card card"
                  >
                    <div
                      class="m-0 p-0 card-body"
                    >
                      <img
                        alt="ij thumbnail"
                        class="w-100 bg-secondary"
                        src="/link5"
                        style="height: 220px;"
                      />
                    </div>
                    <div
                      class="m-2 p-1 card-body"
                    >
                      <p>
                        ij
                      </p>
                    </div>
                  </div>
                </a>
              </div>
            </div>
            <div
              aria-hidden="true"
              class="slick-slide"
              data-index="5"
              style="outline: none; width: 0px;"
              tabindex="-1"
            >
              <div>
                <a
                  class="d-flex flex-column align-items-center text-decoration-none p-1"
                  href="/link6"
                  style="width: 100%; display: inline-block;"
                  tabindex="-1"
                >
                  <div
                    class="related-topic-card card"
                  >
                    <div
                      class="m-0 p-0 card-body"
                    >
                      <img
                        alt="kl thumbnail"
                        class="w-100 bg-secondary"
                        src="/link6"
                        style="height: 220px;"
                      />
                    </div>
                    <div
                      class="m-2 p-1 card-body"
                    >
                      <p>
                        kl
                      </p>
                    </div>
                  </div>
                </a>
              </div>
            </div>
            <div
              aria-hidden="true"
              class="slick-slide slick-cloned"
              data-index="6"
              style="width: 0px;"
              tabindex="-1"
            >
              <div>
                <a
                  class="d-flex flex-column align-items-center text-decoration-none p-1"
                  href="/link1"
                  style="width: 100%; display: inline-block;"
                  tabindex="-1"
                >
                  <div
                    class="related-topic-card card"
                  >
                    <div
                      class="m-0 p-0 card-body"
                    >
                      <img
                        alt="ab thumbnail"
                        class="w-100 bg-secondary"
                        src="/link1"
                        style="height: 220px;"
                      />
                    </div>
                    <div
                      class="m-2 p-1 card-body"
                    >
                      <p>
                        ab
                      </p>
                    </div>
                  </div>
                </a>
              </div>
            </div>
            <div
              aria-hidden="true"
              class="slick-slide slick-cloned"
              data-index="7"
              style="width: 0px;"
              tabindex="-1"
            >
              <div>
                <a
                  class="d-flex flex-column align-items-center text-decoration-none p-1"
                  href="/link2"
                  style="width: 100%; display: inline-block;"
                  tabindex="-1"
                >
                  <div
                    class="related-topic-card card"
                  >
                    <div
                      class="m-0 p-0 card-body"
                    >
                      <img
                        alt="cd thumbnail"
                        class="w-100 bg-secondary"
                        src="/link2"
                        style="height: 220px;"
                      />
                    </div>
                    <div
                      class="m-2 p-1 card-body"
                    >
                      <p>
                        cd
                      </p>
                    </div>
                  </div>
                </a>
              </div>
            </div>
            <div
              aria-hidden="true"
              class="slick-slide slick-cloned"
              data-index="8"
              style="width: 0px;"
              tabindex="-1"
            >
              <div>
                <a
                  class="d-flex flex-column align-items-center text-decoration-none p-1"
                  href="/link3"
                  style="width: 100%; display: inline-block;"
                  tabindex="-1"
                >
                  <div
                    class="related-topic-card card"
                  >
                    <div
                      class="m-0 p-0 card-body"
                    >
                      <img
                        alt="ef thumbnail"
                        class="w-100 bg-secondary"
                        src="/link3"
                        style="height: 220px;"
                      />
                    </div>
                    <div
                      class="m-2 p-1 card-body"
                    >
                      <p>
                        ef
                      </p>
                    </div>
                  </div>
                </a>
              </div>
            </div>
            <div
              aria-hidden="true"
              class="slick-slide slick-cloned"
              data-index="9"
              style="width: 0px;"
              tabindex="-1"
            >
              <div>
                <a
                  class="d-flex flex-column align-items-center text-decoration-none p-1"
                  href="/link4"
                  style="width: 100%; display: inline-block;"
                  tabindex="-1"
                >
                  <div
                    class="related-topic-card card"
                  >
                    <div
                      class="m-0 p-0 card-body"
                    >
                      <img
                        alt="gh thumbnail"
                        class="w-100 bg-secondary"
                        src="/link4"
                        style="height: 220px;"
                      />
                    </div>
                    <div
                      class="m-2 p-1 card-body"
                    >
                      <p>
                        gh
                      </p>
                    </div>
                  </div>
                </a>
              </div>
            </div>
            <div
              aria-hidden="true"
              class="slick-slide slick-cloned"
              data-index="10"
              style="width: 0px;"
              tabindex="-1"
            >
              <div>
                <a
                  class="d-flex flex-column align-items-center text-decoration-none p-1"
                  href="/link5"
                  style="width: 100%; display: inline-block;"
                  tabindex="-1"
                >
                  <div
                    class="related-topic-card card"
                  >
                    <div
                      class="m-0 p-0 card-body"
                    >
                      <img
                        alt="ij thumbnail"
                        class="w-100 bg-secondary"
                        src="/link5"
                        style="height: 220px;"
                      />
                    </div>
                    <div
                      class="m-2 p-1 card-body"
                    >
                      <p>
                        ij
                      </p>
                    </div>
                  </div>
                </a>
              </div>
            </div>
            <div
              aria-hidden="true"
              class="slick-slide slick-cloned"
              data-index="11"
              style="width: 0px;"
              tabindex="-1"
            >
              <div>
                <a
                  class="d-flex flex-column align-items-center text-decoration-none p-1"
                  href="/link6"
                  style="width: 100%; display: inline-block;"
                  tabindex="-1"
                >
                  <div
                    class="related-topic-card card"
                  >
                    <div
                      class="m-0 p-0 card-body"
                    >
                      <img
                        alt="kl thumbnail"
                        class="w-100 bg-secondary"
                        src="/link6"
                        style="height: 220px;"
                      />
                    </div>
                    <div
                      class="m-2 p-1 card-body"
                    >
                      <p>
                        kl
                      </p>
                    </div>
                  </div>
                </a>
              </div>
            </div>
          </div>
        </div>
      </div>
      <div
        class="related-prev d-xl-none"
      >
        <div
          class="related-prev-icon"
        />
      </div>
      <div
        class="related-next d-xl-none"
      >
        <div
          class="related-next-icon"
        />
      </div>
    </div>
  </div>,
  "debug": [Function],
  "findAllByAltText": [Function],
  "findAllByDisplayValue": [Function],
  "findAllByLabelText": [Function],
  "findAllByPlaceholderText": [Function],
  "findAllByRole": [Function],
  "findAllByTestId": [Function],
  "findAllByText": [Function],
  "findAllByTitle": [Function],
  "findByAltText": [Function],
  "findByDisplayValue": [Function],
  "findByLabelText": [Function],
  "findByPlaceholderText": [Function],
  "findByRole": [Function],
  "findByTestId": [Function],
  "findByText": [Function],
  "findByTitle": [Function],
  "getAllByAltText": [Function],
  "getAllByDisplayValue": [Function],
  "getAllByLabelText": [Function],
  "getAllByPlaceholderText": [Function],
  "getAllByRole": [Function],
  "getAllByTestId": [Function],
  "getAllByText": [Function],
  "getAllByTitle": [Function],
  "getByAltText": [Function],
  "getByDisplayValue": [Function],
  "getByLabelText": [Function],
  "getByPlaceholderText": [Function],
  "getByRole": [Function],
  "getByTestId": [Function],
  "getByText": [Function],
  "getByTitle": [Function],
  "queryAllByAltText": [Function],
  "queryAllByDisplayValue": [Function],
  "queryAllByLabelText": [Function],
  "queryAllByPlaceholderText": [Function],
  "queryAllByRole": [Function],
  "queryAllByTestId": [Function],
  "queryAllByText": [Function],
  "queryAllByTitle": [Function],
  "queryByAltText": [Function],
  "queryByDisplayValue": [Function],
  "queryByLabelText": [Function],
  "queryByPlaceholderText": [Function],
  "queryByRole": [Function],
  "queryByTestId": [Function],
  "queryByText": [Function],
  "queryByTitle": [Function],
  "rerender": [Function],
  "unmount": [Function],
}
`;
