// Jest Snapshot v1, https://goo.gl/fbAQLP

exports[`Prayer Points Snapshot test 1`] = `
{
  "asFragment": [Function],
  "baseElement": <body>
    <div>
      <div
        class="d-flex px-6 justify-content-start container"
        data-testid="prayer-points-container"
        id="topic-prayer"
      >
        <div
          class="my-4 shadow d-md-flex flex-md-row card"
        >
          <div
            class="card-body"
            style="max-width: 400px;"
          >
            <p
              class="px-2 pb-3 fs-2 fst-italic fw-bold border-bottom border-grey d-flex justify-content-between align-items-center card-text"
              data-testid="prayer-points-title"
            >
              Prayer Points1
              <svg
                class="text-secondary fw-bold"
                fill="currentColor"
                height="30px"
                stroke="currentColor"
                stroke-width="0"
                style="cursor: pointer;"
                viewBox="0 0 16 16"
                width="30px"
                xmlns="http://www.w3.org/2000/svg"
              >
                <path
                  d="M.5 9.9a.5.5 0 0 1 .5.5v2.5a1 1 0 0 0 1 1h12a1 1 0 0 0 1-1v-2.5a.5.5 0 0 1 1 0v2.5a2 2 0 0 1-2 2H2a2 2 0 0 1-2-2v-2.5a.5.5 0 0 1 .5-.5z"
                />
                <path
                  d="M7.646 11.854a.5.5 0 0 0 .708 0l3-3a.5.5 0 0 0-.708-.708L8.5 10.293V1.5a.5.5 0 0 0-1 0v8.793L5.354 8.146a.5.5 0 1 0-.708.708l3 3z"
                />
              </svg>
            </p>
            <ul
              class="fs-5"
              data-testid="prayer-points-points"
            >
              <li
                class="my-3"
              >
                ABC
              </li>
              <li
                class="my-3"
              >
                Item123
              </li>
            </ul>
          </div>
        </div>
      </div>
    </div>
  </body>,
  "container": <div>
    <div
      class="d-flex px-6 justify-content-start container"
      data-testid="prayer-points-container"
      id="topic-prayer"
    >
      <div
        class="my-4 shadow d-md-flex flex-md-row card"
      >
        <div
          class="card-body"
          style="max-width: 400px;"
        >
          <p
            class="px-2 pb-3 fs-2 fst-italic fw-bold border-bottom border-grey d-flex justify-content-between align-items-center card-text"
            data-testid="prayer-points-title"
          >
            Prayer Points1
            <svg
              class="text-secondary fw-bold"
              fill="currentColor"
              height="30px"
              stroke="currentColor"
              stroke-width="0"
              style="cursor: pointer;"
              viewBox="0 0 16 16"
              width="30px"
              xmlns="http://www.w3.org/2000/svg"
            >
              <path
                d="M.5 9.9a.5.5 0 0 1 .5.5v2.5a1 1 0 0 0 1 1h12a1 1 0 0 0 1-1v-2.5a.5.5 0 0 1 1 0v2.5a2 2 0 0 1-2 2H2a2 2 0 0 1-2-2v-2.5a.5.5 0 0 1 .5-.5z"
              />
              <path
                d="M7.646 11.854a.5.5 0 0 0 .708 0l3-3a.5.5 0 0 0-.708-.708L8.5 10.293V1.5a.5.5 0 0 0-1 0v8.793L5.354 8.146a.5.5 0 1 0-.708.708l3 3z"
              />
            </svg>
          </p>
          <ul
            class="fs-5"
            data-testid="prayer-points-points"
          >
            <li
              class="my-3"
            >
              ABC
            </li>
            <li
              class="my-3"
            >
              Item123
            </li>
          </ul>
        </div>
      </div>
    </div>
  </div>,
  "debug": [Function],
  "findAllByAltText": [Function],
  "findAllByDisplayValue": [Function],
  "findAllByLabelText": [Function],
  "findAllByPlaceholderText": [Function],
  "findAllByRole": [Function],
  "findAllByTestId": [Function],
  "findAllByText": [Function],
  "findAllByTitle": [Function],
  "findByAltText": [Function],
  "findByDisplayValue": [Function],
  "findByLabelText": [Function],
  "findByPlaceholderText": [Function],
  "findByRole": [Function],
  "findByTestId": [Function],
  "findByText": [Function],
  "findByTitle": [Function],
  "getAllByAltText": [Function],
  "getAllByDisplayValue": [Function],
  "getAllByLabelText": [Function],
  "getAllByPlaceholderText": [Function],
  "getAllByRole": [Function],
  "getAllByTestId": [Function],
  "getAllByText": [Function],
  "getAllByTitle": [Function],
  "getByAltText": [Function],
  "getByDisplayValue": [Function],
  "getByLabelText": [Function],
  "getByPlaceholderText": [Function],
  "getByRole": [Function],
  "getByTestId": [Function],
  "getByText": [Function],
  "getByTitle": [Function],
  "queryAllByAltText": [Function],
  "queryAllByDisplayValue": [Function],
  "queryAllByLabelText": [Function],
  "queryAllByPlaceholderText": [Function],
  "queryAllByRole": [Function],
  "queryAllByTestId": [Function],
  "queryAllByText": [Function],
  "queryAllByTitle": [Function],
  "queryByAltText": [Function],
  "queryByDisplayValue": [Function],
  "queryByLabelText": [Function],
  "queryByPlaceholderText": [Function],
  "queryByRole": [Function],
  "queryByTestId": [Function],
  "queryByText": [Function],
  "queryByTitle": [Function],
  "rerender": [Function],
  "unmount": [Function],
}
`;
